
Allocating common symbols
Common symbol       size              file

startup_time        0x4               .\Release\kernel\sched.o
ROOT_DEV            0x4               .\Release\fs\super.o
___strtok           0x4               .\Release\lib\string.o
jiffies             0x4               .\Release\kernel\sched.o
user_stack          0x1000            .\Release\kernel\sched.o
drive_info          0x20              .\Release\init\main.o

Memory Configuration

Name             Origin             Length             Attributes
*default*        0x00000000         0xffffffff

Linker script and memory map

                0x00000000                __image_base__ = 0x0
                0x00000000                __dll__ = 0x0
                0x00000001                __section_alignment__ = 0x1
                0x00000001                __file_alignment__ = 0x1
                0x00000004                __major_os_version__ = 0x4
                0x00000000                __minor_os_version__ = 0x0
                0x00000001                __major_image_version__ = 0x1
                0x00000000                __minor_image_version__ = 0x0
                0x00000004                __major_subsystem_version__ = 0x4
                0x00000000                __minor_subsystem_version__ = 0x0
                0x00000003                __subsystem__ = 0x3
                0x00200000                __size_of_stack_reserve__ = 0x200000
                0x00001000                __size_of_stack_commit__ = 0x1000
                0x00100000                __size_of_heap_reserve__ = 0x100000
                0x00001000                __size_of_heap_commit__ = 0x1000
                0x00000000                __loader_flags__ = 0x0

.text           0x00000000    0x14360
 *(.init)
 *(.text)
 .text          0x00000000     0x64b8 .\Release\boot\head.o
                0x000054b8                idt
                0x00005cb8                gdt
                0x00000000                pg_dir
                0x00005000                tmp_floppy_area
 *fill*         0x000064b8        0x8 00
 .text          0x000064c0       0x20 .\Release\init\main.o
                0x000064c0                _INC_PIPE
 .text          0x000064e0       0x50 .\Release\init\main.o
                0x000064e0                switch_to
 .text          0x00006530       0x20 .\Release\init\main.o
                0x00006530                _set_base
 .text          0x00006550       0x20 .\Release\init\main.o
                0x00006550                _set_limit
 .text          0x00006570       0x20 .\Release\init\main.o
                0x00006570                _get_base
 .text          0x00006590       0x10 .\Release\init\main.o
                0x00006590                get_limit
 .text          0x000065a0       0x30 .\Release\init\main.o
                0x000065a0                _set_tssldt_desc
 .text          0x000065d0      0x530 .\Release\init\main.o
                0x000065d0                main_rename
                0x000068f0                init
 .text          0x00006b00      0x5c0 .\Release\kernel\exit.o
                0x00006b50                sys_kill
                0x00006f50                sys_exit
                0x00006b00                release
                0x00006d00                do_exit
                0x00006f70                sys_waitpid
 .text          0x000070c0       0x10 .\Release\kernel\exit.o
                0x000070c0                get_fs_byte
 .text          0x000070d0       0x10 .\Release\kernel\exit.o
                0x000070d0                get_fs_word
 .text          0x000070e0       0x10 .\Release\kernel\exit.o
                0x000070e0                get_fs_long
 .text          0x000070f0       0x10 .\Release\kernel\exit.o
                0x000070f0                put_fs_byte
 .text          0x00007100       0x20 .\Release\kernel\exit.o
                0x00007100                put_fs_word
 .text          0x00007120       0x10 .\Release\kernel\exit.o
                0x00007120                put_fs_long
 .text          0x00007130       0x10 .\Release\kernel\exit.o
                0x00007130                get_fs
 .text          0x00007140       0x10 .\Release\kernel\exit.o
                0x00007140                get_ds
 .text          0x00007150       0x10 .\Release\kernel\exit.o
                0x00007150                set_fs
 .text          0x00007160      0x619 .\Release\kernel\fork.o
                0x000076df                find_empty_process
                0x000071e8                copy_mem
                0x00007160                verify_area
                0x0000730d                copy_process
 *fill*         0x00007779        0x7 00
 .text          0x00007780       0xb0 .\Release\kernel\math\math_emulate.o
                0x00007810                math_error
                0x00007780                math_emulate
 .text          0x00007830       0x90 .\Release\kernel\mktime.o
                0x00007830                kernel_mktime
 .text          0x000078c0       0x40 .\Release\kernel\panic.o
                0x000078c0                panic
 .text          0x00007900       0x40 .\Release\kernel\printk.o
                0x00007900                printk
 .text          0x00007940      0x7f0 .\Release\kernel\sched.o
                0x00007da0                add_timer
                0x00007f40                sys_getpid
                0x00007b70                interruptible_sleep_on
                0x00007990                show_stat
                0x00007a30                schedule
                0x00007ee0                sys_alarm
                0x00007b00                sys_pause
                0x00007fa0                sys_nice
                0x00007f90                sys_getegid
                0x00007d00                floppy_off
                0x00007bf0                wake_up
                0x00007f70                sys_geteuid
                0x00007d20                do_floppy_timer
                0x00007e40                do_timer
                0x00007940                show_task
                0x00007f80                sys_getgid
                0x00007c10                ticks_to_floppy_on
                0x000079c0                math_state_restore
                0x00007cc0                floppy_on
                0x00007fc0                sched_init
                0x00007f50                sys_getppid
                0x00007f60                sys_getuid
                0x00007b20                sleep_on
 .text          0x00008130      0x3f0 .\Release\kernel\signal.o
                0x0000816a                sys_signal
                0x000081e6                sys_sigaction
                0x00008130                sys_sgetmask
                0x00008140                sys_ssetmask
                0x00008360                do_signal
 .text          0x00008520      0x520 .\Release\kernel\sys.o
                0x00008590                sys_setregid
                0x00008610                sys_setgid
                0x00008660                sys_mpx
                0x000088c0                sys_setpgid
                0x00008880                sys_brk
                0x00008960                sys_setsid
                0x000086e0                sys_setreuid
                0x00008a10                sys_umask
                0x00008770                sys_setuid
                0x00008570                sys_rename
                0x00008550                sys_stty
                0x00008530                sys_break
                0x00008950                sys_getpgrp
                0x000087e0                sys_times
                0x00008540                sys_ptrace
                0x00008580                sys_prof
                0x00008630                sys_acct
                0x00008560                sys_gtty
                0x000089b0                sys_uname
                0x00008640                sys_phys
                0x00008670                sys_ulimit
                0x00008790                sys_stime
                0x00008520                sys_ftime
                0x00008680                sys_time
                0x00008650                sys_lock
 .text          0x00008a40      0x1e0 .\Release\kernel\system_call.o
                0x00008c19                parallel_interrupt
                0x00008b3c                timer_interrupt
                0x00008a54                system_call
                0x00008b78                sys_execve
                0x00008ad4                coprocessor_error
                0x00008be0                floppy_interrupt
                0x00008b88                sys_fork
                0x00008ba0                hd_interrupt
                0x00008afc                device_not_available
 .text          0x00008c20       0x20 .\Release\kernel\traps.o
                0x00008c20                strcpy
 .text          0x00008c40      0x7c0 .\Release\kernel\traps.o
                0x00008fc0                do_segment_not_present
                0x00008f00                do_overflow
                0x00008ec0                do_nmi
                0x00008e00                do_general_protection
                0x00008ee0                do_debug
                0x00008c40                do_double_fault
                0x00008fe0                do_stack_segment
                0x00008f20                do_bounds
                0x00008e40                do_int3
                0x00008fa0                do_invalid_TSS
                0x00008f40                do_invalid_op
                0x00009050                trap_init
                0x00008e20                do_divide_error
                0x00009000                do_coprocessor_error
                0x00008f80                do_coprocessor_segment_overrun
                0x00009030                do_reserved
                0x00008f60                do_device_not_available
 .text          0x00009400       0x30 .\Release\kernel\traps.o
                0x00009400                strcat
 .text          0x00009430       0x30 .\Release\kernel\traps.o
                0x00009430                strcmp
 .text          0x00009460       0x50 .\Release\kernel\traps.o
                0x00009460                strspn
 .text          0x000094b0       0x50 .\Release\kernel\traps.o
                0x000094b0                strcsrcpn
 .text          0x00009500       0x40 .\Release\kernel\traps.o
                0x00009500                strpbrk
 .text          0x00009540       0x40 .\Release\kernel\traps.o
                0x00009540                strstr
 .text          0x00009580       0x20 .\Release\kernel\traps.o
                0x00009580                strlen
 .text          0x000095a0       0x80 .\Release\kernel\traps.o
                0x000095a0                strtok
 .text          0x00009620       0x20 .\Release\kernel\traps.o
                0x00009620                memcpy
 .text          0x00009640       0x40 .\Release\kernel\traps.o
                0x00009640                memmove
 .text          0x00009680       0x30 .\Release\kernel\traps.o
                0x00009680                memcmp
 .text          0x000096b0       0x30 .\Release\kernel\traps.o
                0x000096b0                memchr
 .text          0x000096e0       0x20 .\Release\kernel\traps.o
                0x000096e0                memset
 .text          0x00009700       0x20 .\Release\kernel\vsprintf.o
                0x00009700                _do_div
 .text          0x00009720      0x5e0 .\Release\kernel\vsprintf.o
                0x00009720                vsprintf
 .text          0x00009d00       0xdd .\Release\kernel\asm.o
                0x00009d00                divide_error
                0x00009dcf                stack_segment
                0x00009d55                bounds
                0x00009d5c                invalid_op
                0x00009d63                coprocessor_segment_overrun
                0x00009d39                debug
                0x00009d4e                overflow
                0x00009d6a                reserved
                0x00009d87                double_fault
                0x00009dc8                segment_not_present
                0x00009d40                nmi
                0x00009d71                irq13
                0x00009dc1                invalid_TSS
                0x00009dd6                general_protection
                0x00009d47                int3
 *fill*         0x00009ddd        0x3 00
 .text          0x00009de0      0xc40 .\Release\kernel\blk_drv\floppy.o
                0x00009ea0                unexpected_floppy_interrupt
                0x00009de0                floppy_deselect
                0x00009e20                floppy_change
                0x00009fd0                floppy_init
 .text          0x0000aa20       0x30 .\Release\kernel\blk_drv\floppy.o
                0x0000aa20                unlock_buffer
 .text          0x0000aa50       0xb0 .\Release\kernel\blk_drv\floppy.o
                0x0000aa50                end_request
 .text          0x0000ab00      0xac0 .\Release\kernel\blk_drv\hd.o
                0x0000ad10                hd_init
                0x0000ad00                unexpected_hd_interrupt
                0x0000ab00                sys_setup
 .text          0x0000b5c0      0x280 .\Release\kernel\blk_drv\ll_rw_blk.o
                0x0000b820                blk_dev_init
                0x0000b5c0                ll_rw_block
 .text          0x0000b840      0x3d0 .\Release\kernel\blk_drv\ramdisk.o
                0x0000ba50                rd_load
                0x0000b840                rd_init
 .text          0x0000bc10     0x1210 .\Release\kernel\chr_drv\console.o
                0x0000cb80                con_init
                0x0000bc10                csi_m
                0x0000cd70                sysbeepstop
                0x0000bc90                con_write
 .text          0x0000ce20      0x7e4 .\Release\kernel\chr_drv\keyboard.o
                0x0000ce23                keyboard_interrupt
 .text          0x0000d604       0xf7 .\Release\kernel\chr_drv\rs_io.o
                0x0000d604                rs1_interrupt
                0x0000d60c                rs2_interrupt
 *fill*         0x0000d6fb        0x5 00
 .text          0x0000d700      0x180 .\Release\kernel\chr_drv\serial.o
                0x0000d830                rs_write
                0x0000d700                rs_init
 .text          0x0000d880      0x850 .\Release\kernel\chr_drv\tty_io.o
                0x0000e090                do_tty_interrupt
                0x0000ded0                tty_write
                0x0000d890                tty_intr
                0x0000d920                copy_to_cooked
                0x0000e0c0                chr_dev_init
                0x0000d880                tty_init
                0x0000dc80                tty_read
                0x0000d8d0                wait_for_keypress
 .text          0x0000e0d0      0x480 .\Release\kernel\chr_drv\tty_ioctl.o
                0x0000e0d0                tty_ioctl
 .text          0x0000e550      0x820 .\Release\mm\memory.o
                0x0000e860                un_wp_page
                0x0000e7c0                put_page
                0x0000e940                write_verify
                0x0000e980                get_empty_page
                0x0000ec90                mem_init
                0x0000e550                get_free_page
                0x0000e590                free_page
                0x0000ecf0                calc_mem
                0x0000e6b0                copy_page_tables
                0x0000e9c0                do_no_page
                0x0000e5f0                free_page_tables
                0x0000e910                do_wp_page
 .text          0x0000ed70       0x3a .\Release\mm\page.o
                0x0000ed70                page_fault
 *fill*         0x0000edaa        0x6 00
 .text          0x0000edb0       0x20 .\Release\fs\bitmap.o
                0x0000edb0                clear_block
 .text          0x0000edd0       0x20 .\Release\fs\bitmap.o
                0x0000edd0                set_bit
 .text          0x0000edf0       0x20 .\Release\fs\bitmap.o
                0x0000edf0                clear_bit
 .text          0x0000ee10       0x30 .\Release\fs\bitmap.o
                0x0000ee10                find_first_zero
 .text          0x0000ee40      0x4f0 .\Release\fs\bitmap.o
                0x0000f1b0                new_inode
                0x0000ef50                new_block
                0x0000f090                free_inode
                0x0000ee40                free_block
 .text          0x0000f330      0x1f0 .\Release\fs\block_dev.o
                0x0000f430                block_read
                0x0000f330                block_write
 .text          0x0000f520      0x7d0 .\Release\fs\buffer.o
                0x0000f520                sys_sync
                0x0000fa30                bread
                0x0000fab0                bread_page
                0x0000f720                get_hash_table
                0x0000f9d0                brelse
                0x0000f660                check_disk_change
                0x0000f7e0                getblk
                0x0000fc50                buffer_init
                0x0000fb90                breada
                0x0000f580                sync_dev
 .text          0x0000fcf0       0x20 .\Release\fs\buffer.o
                0x0000fcf0                COPYBLK
 .text          0x0000fd10      0x220 .\Release\fs\char_dev.o
                0x0000fee0                rw_char
 .text          0x0000ff30      0x960 .\Release\fs\exec.o
                0x0000ff30                do_execve
 .text          0x00010890      0x1c0 .\Release\fs\fcntl.o
                0x00010950                sys_dup
                0x00010890                sys_dup2
                0x00010970                sys_fcntl
 .text          0x00010a50      0x280 .\Release\fs\file_dev.o
                0x00010b80                file_write
                0x00010a50                file_read
 .text          0x00010cd0      0x8f0 .\Release\fs\inode.o
                0x00011040                create_block
                0x00010d40                sync_inodes
                0x000112d0                iget
                0x00011190                get_empty_inode
                0x00010d90                bmap
                0x00011290                get_pipe_inode
                0x00010cd0                invalidate_inodes
                0x00011060                iput
 .text          0x000115c0       0x90 .\Release\fs\ioctl.o
                0x000115c0                sys_ioctl
 .text          0x00011650     0x14d0 .\Release\fs\namei.o
                0x000123a0                sys_rmdir
                0x00011650                namei
                0x00012960                sys_link
                0x000120d0                sys_mkdir
                0x000127a0                sys_unlink
                0x00011b10                open_namei
                0x00011f20                sys_mknod
 .text          0x00012b20      0x540 .\Release\fs\open.o
                0x00012df0                sys_open
                0x00012d20                sys_chmod
                0x00012b30                sys_utime
                0x00012fd0                sys_close
                0x00012c40                sys_chdir
                0x00012d90                sys_chown
                0x00012b20                sys_ustat
                0x00012fb0                sys_creat
                0x00012cb0                sys_chroot
                0x00012bb0                sys_access
 .text          0x00013060      0x340 .\Release\fs\pipe.o
                0x00013260                sys_pipe
                0x00013060                read_pipe
                0x00013150                write_pipe
 .text          0x000133a0      0x2c0 .\Release\fs\read_write.o
                0x00013450                sys_read
                0x00013570                sys_write
                0x000133a0                sys_lseek
 .text          0x00013660      0x120 .\Release\fs\stat.o
                0x00013740                sys_fstat
                0x00013660                sys_stat
 .text          0x00013780      0x660 .\Release\fs\super.o
                0x000138f0                sys_umount
                0x000139e0                sys_mount
                0x00013800                put_super
                0x00013c80                mount_root
                0x00013780                get_super
 .text          0x00013de0      0x1a0 .\Release\fs\truncate.o
                0x00013de0                truncate
 .text          0x00013f80       0x20 .\Release\lib\_exit.o
                0x00013f80                _exit
 .text          0x00013fa0       0x30 .\Release\lib\close.o
                0x00013fa0                close
 .text          0x00013fd0       0x30 .\Release\lib\dup.o
                0x00013fd0                dup
 .text          0x00014000       0x40 .\Release\lib\execve.o
                0x00014000                execve
 .text          0x00014040      0x200 .\Release\lib\malloc.o
                0x00014040                malloc
                0x00014150                free_s
 .text          0x00014240       0x40 .\Release\lib\open.o
                0x00014240                open
 .text          0x00014280       0x30 .\Release\lib\setsid.o
                0x00014280                setsid
 .text          0x000142b0       0x60 .\Release\lib\wait.o
                0x000142b0                waitpid
                0x000142f0                wait
 .text          0x00014310       0x40 .\Release\lib\write.o
                0x00014310                write
 *(SORT(.text$*))
 *(.glue_7t)
 *(.glue_7)
                0x00014350                ___CTOR_LIST__ = .
                0x00014350                __CTOR_LIST__ = .
                0x00014350        0x4 LONG 0xffffffff
 *(SORT(.ctors.*))
 *(.ctors)
 *(.ctor)
                0x00014354        0x4 LONG 0x0
                0x00014358                ___DTOR_LIST__ = .
                0x00014358                __DTOR_LIST__ = .
                0x00014358        0x4 LONG 0xffffffff
 *(SORT(.dtors.*))
 *(.dtors)
 *(.dtor)
                0x0001435c        0x4 LONG 0x0
 *(.fini)
 *(.gcc_exc)
                0x00014360                etext = .
 *(.gcc_except_table)

.data           0x00014360     0x91c0
                0x00014360                __data_start__ = .
 *(.data)
 .data          0x00014360       0xf5 .\Release\init\main.o
 *fill*         0x00014455        0x3 00
 .data          0x00014458       0x40 .\Release\kernel\exit.o
 .data          0x00014498       0x2f .\Release\kernel\fork.o
 *fill*         0x000144c7        0x1 00
 .data          0x000144c8       0x52 .\Release\kernel\math\math_emulate.o
 *fill*         0x0001451a        0x2 00
 .data          0x0001451c       0x30 .\Release\kernel\mktime.o
 .data          0x0001454c       0x34 .\Release\kernel\panic.o
 .data          0x00014580     0x12f2 .\Release\kernel\sched.o
                0x000156a4                task
                0x00014580                sys_call_table
                0x000157b0                current_DOR
                0x000156a0                current
                0x000157a8                stack_start
 *fill*         0x00015872        0x6 00
 .data          0x00015878       0x2d .\Release\kernel\sys.o
 *fill*         0x000158a5        0x3 00
 .data          0x000158a8      0x21e .\Release\kernel\traps.o
 *fill*         0x00015ac6        0x2 00
 .data          0x00015ac8       0x4d .\Release\kernel\vsprintf.o
 *fill*         0x00015b15        0x3 00
 .data          0x00015b18      0x1c2 .\Release\kernel\blk_drv\floppy.o
 *fill*         0x00015cda        0x2 00
 .data          0x00015cdc       0x24 .\Release\kernel\blk_drv\floppy.o
                0x00015cdc                ??_C@_0CE@BKIH@floppy?3?5free?5buffer?5being?5unlock@
 .data          0x00015d00       0x15 .\Release\kernel\blk_drv\floppy.o
                0x00015d00                ??_C@_0BF@ONON@dev?5?$CF04x?0?5block?5?$CFd?6?$AN?$AA@
 *fill*         0x00015d15        0x3 00
 .data          0x00015d18       0x13 .\Release\kernel\blk_drv\floppy.o
                0x00015d18                ??_C@_0BD@HEIH@floppy?5I?1O?5error?6?$AN?$AA@
 *fill*         0x00015d2b        0x1 00
 .data          0x00015d2c      0x17a .\Release\kernel\blk_drv\hd.o
 *fill*         0x00015ea6        0x2 00
 .data          0x00015ea8       0x26 .\Release\kernel\blk_drv\hd.o
                0x00015ea8                ??_C@_0CG@MGAL@harddisk?3?5free?5buffer?5being?5unlo@
 *fill*         0x00015ece        0x2 00
 .data          0x00015ed0       0x15 .\Release\kernel\blk_drv\hd.o
                0x00015ed0                ??_C@_0BF@DOHJ@harddisk?5I?1O?5error?6?$AN?$AA@
 *fill*         0x00015ee5        0x3 00
 .data          0x00015ee8       0x79 .\Release\kernel\blk_drv\ll_rw_blk.o
 *fill*         0x00015f61        0x3 00
 .data          0x00015f64       0x14 .\Release\kernel\blk_drv\ramdisk.o
                0x00015f64                ??_C@_0BE@HGNO@ramdisk?5I?1O?5error?6?$AN?$AA@
 .data          0x00015f78       0x25 .\Release\kernel\blk_drv\ramdisk.o
                0x00015f78                ??_C@_0CF@NPNB@ramdisk?3?5free?5buffer?5being?5unloc@
 *fill*         0x00015f9d        0x3 00
 .data          0x00015fa0      0x13c .\Release\kernel\blk_drv\ramdisk.o
 .data          0x000160dc       0x31 .\Release\kernel\chr_drv\console.o
 *fill*         0x0001610d        0x3 00
 .data          0x00016110     0x2538 .\Release\kernel\chr_drv\tty_io.o
                0x00016110                tty_table
                0x00018630                table_list
 .data          0x00018648       0x31 .\Release\kernel\chr_drv\tty_ioctl.o
 *fill*         0x00018679        0x3 00
 .data          0x0001867c      0x192 .\Release\mm\memory.o
 *fill*         0x0001880e        0x2 00
 .data          0x00018810      0x25f .\Release\fs\bitmap.o
 *fill*         0x00018a6f        0x1 00
 .data          0x00018a70       0x79 .\Release\fs\buffer.o
                0x00018a70                start_buffer
 *fill*         0x00018ae9        0x3 00
 .data          0x00018aec       0x20 .\Release\fs\char_dev.o
 .data          0x00018b0c       0x5e .\Release\fs\exec.o
 *fill*         0x00018b6a        0x2 00
 .data          0x00018b6c      0x144 .\Release\fs\inode.o
 .data          0x00018cb0       0x20 .\Release\fs\ioctl.o
 .data          0x00018cd0       0xd5 .\Release\fs\namei.o
 *fill*         0x00018da5        0x3 00
 .data          0x00018da8       0x17 .\Release\fs\open.o
 *fill*         0x00018dbf        0x1 00
 .data          0x00018dc0       0x38 .\Release\fs\read_write.o
 .data          0x00018df8      0x104 .\Release\fs\super.o
 .data          0x00018efc      0x101 .\Release\lib\ctype.o
                0x00018efc                _ctype
 *fill*         0x00018ffd        0x3 00
 .data          0x00019000      0x123 .\Release\lib\malloc.o
                0x00019000                bucket_dir
 *(.data2)
 *(SORT(.data$*))
                0x00019123                __data_end__ = .
 *(.data_cygwin_nocopy)
                0x00019123                __bss_start__ = .
 *(.bss)
 *fill*         0x00019123        0x1 00
 .bss           0x00019124      0x40c .\Release\init\main.o
 .bss           0x00019530        0x4 .\Release\kernel\fork.o
                0x00019530                last_pid
 .bss           0x00019534      0x400 .\Release\kernel\printk.o
 *fill*         0x00019934        0x4 00
 .bss           0x00019938      0x338 .\Release\kernel\sched.o
                0x00019c38                last_task_used_math
 .bss           0x00019c70       0x24 .\Release\kernel\blk_drv\floppy.o
                0x00019c90                wait_on_floppy_select
                0x00019c8d                selected
                0x00019c70                do_floppy
 *fill*         0x00019c94        0x4 00
 .bss           0x00019c98       0x99 .\Release\kernel\blk_drv\hd.o
                0x00019ca0                hd_info
                0x00019c98                do_hd
 *fill*         0x00019d31        0x7 00
 .bss           0x00019d38      0x4c0 .\Release\kernel\blk_drv\ll_rw_blk.o
                0x0001a1c0                blk_dev
                0x00019d38                request
                0x0001a1b8                wait_for_request
 .bss           0x0001a1f8        0x8 .\Release\kernel\blk_drv\ramdisk.o
                0x0001a1f8                rd_start
                0x0001a1fc                rd_length
 .bss           0x0001a200       0x98 .\Release\kernel\chr_drv\console.o
                0x0001a294                beepcount
 .bss           0x0001a298        0x4 .\Release\kernel\chr_drv\tty_io.o
 .bss           0x0001a29c      0xf04 .\Release\mm\memory.o
 .bss           0x0001b1a0      0x4d8 .\Release\fs\buffer.o
                0x0001b1a0                hash_table
                0x0001b674                nr_buffers
 .bss           0x0001b678      0x400 .\Release\fs\file_table.o
                0x0001b678                file_table
 .bss           0x0001ba78      0x700 .\Release\fs\inode.o
                0x0001ba78                inode_table
 .bss           0x0001c178      0x360 .\Release\fs\super.o
                0x0001c178                super_block
 .bss           0x0001c4d8        0x1 .\Release\lib\ctype.o
                0x0001c4d8                _ctmp
 *fill*         0x0001c4d9        0x3 00
 .bss           0x0001c4dc        0x4 .\Release\lib\errno.o
                0x0001c4dc                errno
 .bss           0x0001c4e0        0x4 .\Release\lib\malloc.o
                0x0001c4e0                free_bucket_desc
 *(COMMON)
 COMMON         0x0001c4e4       0x20 .\Release\init\main.o
                                  0x0 (size before relaxing)
                0x0001c4e4                drive_info
 COMMON         0x0001c504     0x1008 .\Release\kernel\sched.o
                                  0x0 (size before relaxing)
                0x0001c504                startup_time
                0x0001c508                jiffies
                0x0001c50c                user_stack
 COMMON         0x0001d50c        0x4 .\Release\fs\super.o
                                  0x0 (size before relaxing)
                0x0001d50c                ROOT_DEV
 COMMON         0x0001d510        0x4 .\Release\lib\string.o
                                  0x0 (size before relaxing)
                0x0001d510                ___strtok
                0x0001d514                __bss_end__ = .

.rdata          0x0001d514        0x0
 *(.rdata)
 *(SORT(.rdata$*))
 *(.eh_frame)
                0x0001d514                ___RUNTIME_PSEUDO_RELOC_LIST__ = .
                0x0001d514                __RUNTIME_PSEUDO_RELOC_LIST__ = .
 *(.rdata_runtime_pseudo_reloc)
                0x0001d514                ___RUNTIME_PSEUDO_RELOC_LIST_END__ = .
                0x0001d514                __RUNTIME_PSEUDO_RELOC_LIST_END__ = .

.pdata
 *(.pdata)

.edata
 *(.edata)

/DISCARD/
 *(.debug$S)
 *(.debug$T)
 *(.debug$F)
 *(.drectve)

.idata
 SORT(*)(.idata$2)
 SORT(*)(.idata$3)
 SORT(*)(.idata$4)
 SORT(*)(.idata$5)
 SORT(*)(.idata$6)
 SORT(*)(.idata$7)

.CRT
 *(SORT(.CRT$*))

.endjunk        0x0001d514        0x0
                0x0001d514                end = .
                0x0001d514                _end = .
                0x0001d514                __end__ = .

.rsrc
 *(.rsrc)
 *(SORT(.rsrc$*))

.reloc
 *(.reloc)

.stab
 *(.stab)

.stabstr
 *(.stabstr)
Address of section .text set to 0x0
LOAD .\Release\boot\head.o
LOAD .\Release\init\main.o
LOAD .\Release\kernel\exit.o
LOAD .\Release\kernel\fork.o
LOAD .\Release\kernel\math\math_emulate.o
LOAD .\Release\kernel\mktime.o
LOAD .\Release\kernel\panic.o
LOAD .\Release\kernel\printk.o
LOAD .\Release\kernel\sched.o
LOAD .\Release\kernel\signal.o
LOAD .\Release\kernel\sys.o
LOAD .\Release\kernel\system_call.o
LOAD .\Release\kernel\traps.o
LOAD .\Release\kernel\vsprintf.o
LOAD .\Release\kernel\asm.o
LOAD .\Release\kernel\blk_drv\floppy.o
LOAD .\Release\kernel\blk_drv\hd.o
LOAD .\Release\kernel\blk_drv\ll_rw_blk.o
LOAD .\Release\kernel\blk_drv\ramdisk.o
LOAD .\Release\kernel\chr_drv\console.o
LOAD .\Release\kernel\chr_drv\keyboard.o
LOAD .\Release\kernel\chr_drv\rs_io.o
LOAD .\Release\kernel\chr_drv\serial.o
LOAD .\Release\kernel\chr_drv\tty_io.o
LOAD .\Release\kernel\chr_drv\tty_ioctl.o
LOAD .\Release\mm\memory.o
LOAD .\Release\mm\page.o
LOAD .\Release\fs\bitmap.o
LOAD .\Release\fs\block_dev.o
LOAD .\Release\fs\buffer.o
LOAD .\Release\fs\char_dev.o
LOAD .\Release\fs\exec.o
LOAD .\Release\fs\fcntl.o
LOAD .\Release\fs\file_dev.o
LOAD .\Release\fs\file_table.o
LOAD .\Release\fs\inode.o
LOAD .\Release\fs\ioctl.o
LOAD .\Release\fs\namei.o
LOAD .\Release\fs\open.o
LOAD .\Release\fs\pipe.o
LOAD .\Release\fs\read_write.o
LOAD .\Release\fs\stat.o
LOAD .\Release\fs\super.o
LOAD .\Release\fs\truncate.o
LOAD .\Release\lib\_exit.o
LOAD .\Release\lib\close.o
LOAD .\Release\lib\ctype.o
LOAD .\Release\lib\dup.o
LOAD .\Release\lib\errno.o
LOAD .\Release\lib\execve.o
LOAD .\Release\lib\malloc.o
LOAD .\Release\lib\open.o
LOAD .\Release\lib\setsid.o
LOAD .\Release\lib\string.o
LOAD .\Release\lib\wait.o
LOAD .\Release\lib\write.o
OUTPUT(.\release\system pei-i386)
