BL51 BANKED LINKER/LOCATER V6.22                                                        09/13/2016  10:46:01  PAGE 1


BL51 BANKED LINKER/LOCATER V6.22, INVOKED BY:
F:\PROGRAM_TOOLS\KEIL\C51\BIN\BL51.EXE STARTUP.obj, test_1.obj TO test


MEMORY MODEL: SMALL


INPUT MODULES INCLUDED:
  STARTUP.obj (?C_STARTUP)
  test_1.obj (TEST_1)
  F:\PROGRAM_TOOLS\KEIL\C51\LIB\C51S.LIB (?C?CSTPTR)
  F:\PROGRAM_TOOLS\KEIL\C51\LIB\C51S.LIB (?C?UIDIV)
  F:\PROGRAM_TOOLS\KEIL\C51\LIB\C51S.LIB (?C?ILDPTR)
  F:\PROGRAM_TOOLS\KEIL\C51\LIB\C51S.LIB (PRINTF)
  F:\PROGRAM_TOOLS\KEIL\C51\LIB\C51S.LIB (?C?CLDPTR)
  F:\PROGRAM_TOOLS\KEIL\C51\LIB\C51S.LIB (?C?CLDOPTR)
  F:\PROGRAM_TOOLS\KEIL\C51\LIB\C51S.LIB (?C?PLDIIDATA)
  F:\PROGRAM_TOOLS\KEIL\C51\LIB\C51S.LIB (?C?CCASE)
  F:\PROGRAM_TOOLS\KEIL\C51\LIB\C51S.LIB (PUTCHAR)


LINK MAP OF MODULE:  test (?C_STARTUP)


            TYPE    BASE      LENGTH    RELOCATION   SEGMENT NAME
            -----------------------------------------------------

            * * * * * * *   D A T A   M E M O R Y   * * * * * * *
            REG     0000H     0008H     ABSOLUTE     "REG BANK 0"
                    0008H     0018H                  *** GAP ***
            BIT     0020H.0   0001H.1   UNIT         _BIT_GROUP_
                    0021H.1   0000H.7                *** GAP ***
            DATA    0022H     001FH     UNIT         _DATA_GROUP_
            IDATA   0041H     0001H     UNIT         ?STACK

            * * * * * * *   C O D E   M E M O R Y   * * * * * * *
            CODE    0000H     0003H     ABSOLUTE     
                    0003H     07FDH                  *** GAP ***
            CODE    0800H     035CH     UNIT         ?PR?PRINTF?PRINTF
            CODE    0B5CH     010EH     UNIT         ?C?LIB_CODE
            CODE    0C6AH     00AAH     UNIT         ?PR?MAIN?TEST_1
            CODE    0D14H     0027H     UNIT         ?PR?PUTCHAR?PUTCHAR
            CODE    0D3BH     000CH     UNIT         ?C_C51STARTUP
            CODE    0D47H     0003H     UNIT         ?CO?TEST_1



OVERLAY MAP OF MODULE:   test (?C_STARTUP)


SEGMENT                           BIT_GROUP          DATA_GROUP 
  +--> CALLED SEGMENT          START    LENGTH     START    LENGTH
------------------------------------------------------------------
?C_C51STARTUP                  -----    -----      -----    -----
  +--> ?PR?MAIN?TEST_1

?PR?MAIN?TEST_1                -----    -----      0022H    000BH
  +--> ?CO?TEST_1
BL51 BANKED LINKER/LOCATER V6.22                                                      09/13/2016  10:46:01  PAGE 2


  +--> ?PR?PRINTF?PRINTF

?PR?PRINTF?PRINTF              0020H.0  0001H.1    002DH    0014H
  +--> ?PR?PUTCHAR?PUTCHAR



SYMBOL TABLE OF MODULE:  test (?C_STARTUP)

  VALUE           TYPE          NAME
  ----------------------------------

  -------         MODULE        ?C_STARTUP
  C:0D3BH         SEGMENT       ?C_C51STARTUP
  I:0041H         SEGMENT       ?STACK
  C:0000H         PUBLIC        ?C_STARTUP
  D:00E0H         SYMBOL        ACC
  D:00F0H         SYMBOL        B
  D:0083H         SYMBOL        DPH
  D:0082H         SYMBOL        DPL
  N:0000H         SYMBOL        IBPSTACK
  N:0100H         SYMBOL        IBPSTACKTOP
  N:0080H         SYMBOL        IDATALEN
  C:0D3EH         SYMBOL        IDATALOOP
  N:0000H         SYMBOL        PBPSTACK
  N:0100H         SYMBOL        PBPSTACKTOP
  N:0000H         SYMBOL        PDATALEN
  N:0000H         SYMBOL        PDATASTART
  N:0000H         SYMBOL        PPAGE
  N:0000H         SYMBOL        PPAGEENABLE
  D:00A0H         SYMBOL        PPAGE_SFR
  D:0081H         SYMBOL        SP
  C:0D3BH         SYMBOL        STARTUP1
  N:0000H         SYMBOL        XBPSTACK
  N:0000H         SYMBOL        XBPSTACKTOP
  N:0000H         SYMBOL        XDATALEN
  N:0000H         SYMBOL        XDATASTART
  C:0000H         LINE#         126
  C:0D3BH         LINE#         133
  C:0D3DH         LINE#         134
  C:0D3EH         LINE#         135
  C:0D3FH         LINE#         136
  C:0D41H         LINE#         185
  C:0D44H         LINE#         196
  -------         ENDMOD        ?C_STARTUP

  -------         MODULE        TEST_1
  C:0000H         SYMBOL        _ICE_DUMMY_
  C:0C6AH         PUBLIC        main
  -------         PROC          MAIN
  -------         DO            
  D:0022H         SYMBOL        a
  D:0024H         SYMBOL        k
  D:0001H         SYMBOL        p3
  D:0026H         SYMBOL        i
  D:0027H         SYMBOL        p1
  D:002AH         SYMBOL        p2
BL51 BANKED LINKER/LOCATER V6.22                                                      09/13/2016  10:46:01  PAGE 3


  -------         ENDDO         
  C:0C6AH         LINE#         3
  C:0C6AH         LINE#         15
  C:0C73H         LINE#         16
  C:0C7CH         LINE#         17
  C:0C82H         LINE#         18
  C:0C8AH         LINE#         19
  C:0C98H         LINE#         20
  C:0C9EH         LINE#         21
  C:0CBDH         LINE#         22
  C:0CC6H         LINE#         23
  C:0CDBH         LINE#         24
  C:0CEAH         LINE#         25
  C:0CF5H         LINE#         26
  C:0D04H         LINE#         27
  C:0D0FH         LINE#         28
  C:0D13H         LINE#         29
  -------         ENDPROC       MAIN
  -------         ENDMOD        TEST_1

  -------         MODULE        ?C?CSTPTR
  C:0B5CH         PUBLIC        ?C?CSTPTR
  -------         ENDMOD        ?C?CSTPTR

  -------         MODULE        ?C?UIDIV
  C:0B6EH         PUBLIC        ?C?UIDIV
  -------         ENDMOD        ?C?UIDIV

  -------         MODULE        ?C?ILDPTR
  C:0BC3H         PUBLIC        ?C?ILDPTR
  -------         ENDMOD        ?C?ILDPTR

  -------         MODULE        PRINTF
  D:002DH         PUBLIC        ?_PRINTF517?BYTE
  D:002DH         PUBLIC        ?_PRINTF?BYTE
  D:002DH         PUBLIC        ?_SPRINTF517?BYTE
  D:002DH         PUBLIC        ?_SPRINTF?BYTE
  C:0862H         PUBLIC        _PRINTF
  C:0862H         PUBLIC        _PRINTF517
  C:085CH         PUBLIC        _SPRINTF
  C:085CH         PUBLIC        _SPRINTF517
  -------         ENDMOD        PRINTF

  -------         MODULE        ?C?CLDPTR
  C:0BEEH         PUBLIC        ?C?CLDPTR
  -------         ENDMOD        ?C?CLDPTR

  -------         MODULE        ?C?CLDOPTR
  C:0C07H         PUBLIC        ?C?CLDOPTR
  -------         ENDMOD        ?C?CLDOPTR

  -------         MODULE        ?C?PLDIIDATA
  C:0C34H         PUBLIC        ?C?PLDIIDATA
  -------         ENDMOD        ?C?PLDIIDATA

  -------         MODULE        ?C?CCASE
  C:0C44H         PUBLIC        ?C?CCASE
BL51 BANKED LINKER/LOCATER V6.22                                                      09/13/2016  10:46:01  PAGE 4


  -------         ENDMOD        ?C?CCASE

  -------         MODULE        PUTCHAR
  C:0D14H         PUBLIC        _PUTCHAR
  -------         ENDMOD        PUTCHAR

******************************************************************************
* RESTRICTED VERSION WITH 0800H BYTE CODE SIZE LIMIT; USED: 00BCH BYTE ( 9%) *
******************************************************************************

Program Size: data=41.1 xdata=0 code=1357
LINK/LOCATE RUN COMPLETE.  0 WARNING(S),  0 ERROR(S)
